C:\Users\Usuaria\Desktop\ELENA\..3 Universidad\IS2\Katas\Kata7\src\main\java\software\ulpgc\moneycalculator\app\fixerws\FixerAPI.java
C:\Users\Usuaria\Desktop\ELENA\..3 Universidad\IS2\Katas\Kata7\src\main\java\software\ulpgc\moneycalculator\app\fixerws\FixerCurrencyLoader.java
C:\Users\Usuaria\Desktop\ELENA\..3 Universidad\IS2\Katas\Kata7\src\main\java\software\ulpgc\moneycalculator\app\fixerws\FixerExchangeRateLoader.java
C:\Users\Usuaria\Desktop\ELENA\..3 Universidad\IS2\Katas\Kata7\src\main\java\software\ulpgc\moneycalculator\app\Main.java
C:\Users\Usuaria\Desktop\ELENA\..3 Universidad\IS2\Katas\Kata7\src\main\java\software\ulpgc\moneycalculator\app\swing\SwingCurrencyDialog.java
C:\Users\Usuaria\Desktop\ELENA\..3 Universidad\IS2\Katas\Kata7\src\main\java\software\ulpgc\moneycalculator\app\swing\SwingMainFrame.java
C:\Users\Usuaria\Desktop\ELENA\..3 Universidad\IS2\Katas\Kata7\src\main\java\software\ulpgc\moneycalculator\app\swing\SwingMoneyDialog.java
C:\Users\Usuaria\Desktop\ELENA\..3 Universidad\IS2\Katas\Kata7\src\main\java\software\ulpgc\moneycalculator\app\swing\SwingMoneyDisplay.java
C:\Users\Usuaria\Desktop\ELENA\..3 Universidad\IS2\Katas\Kata7\src\main\java\software\ulpgc\moneycalculator\architecture\control\Command.java
C:\Users\Usuaria\Desktop\ELENA\..3 Universidad\IS2\Katas\Kata7\src\main\java\software\ulpgc\moneycalculator\architecture\control\ExchangeMoneyCommand.java
C:\Users\Usuaria\Desktop\ELENA\..3 Universidad\IS2\Katas\Kata7\src\main\java\software\ulpgc\moneycalculator\architecture\model\Currency.java
C:\Users\Usuaria\Desktop\ELENA\..3 Universidad\IS2\Katas\Kata7\src\main\java\software\ulpgc\moneycalculator\architecture\model\ExchangeRate.java
C:\Users\Usuaria\Desktop\ELENA\..3 Universidad\IS2\Katas\Kata7\src\main\java\software\ulpgc\moneycalculator\architecture\model\Money.java
C:\Users\Usuaria\Desktop\ELENA\..3 Universidad\IS2\Katas\Kata7\src\main\java\software\ulpgc\moneycalculator\architecture\persistence\CurrencyLoader.java
C:\Users\Usuaria\Desktop\ELENA\..3 Universidad\IS2\Katas\Kata7\src\main\java\software\ulpgc\moneycalculator\architecture\persistence\ExchangeRateLoader.java
C:\Users\Usuaria\Desktop\ELENA\..3 Universidad\IS2\Katas\Kata7\src\main\java\software\ulpgc\moneycalculator\architecture\view\CurrencyDialog.java
C:\Users\Usuaria\Desktop\ELENA\..3 Universidad\IS2\Katas\Kata7\src\main\java\software\ulpgc\moneycalculator\architecture\view\MoneyDialog.java
C:\Users\Usuaria\Desktop\ELENA\..3 Universidad\IS2\Katas\Kata7\src\main\java\software\ulpgc\moneycalculator\architecture\view\MoneyDisplay.java
